###############################################################################
#
# IAR ELF Linker V7.80.2.11947/W32 for ARM                10/Apr/2017  12:17:38
# Copyright 2007-2016 IAR Systems AB.
#
#    Output file  =  
#        C:\Users\T460P\Desktop\Bran_Test\Bran_Test\EWARM\Debug\Exe\TEMPLATE.out
#    Map file     =  
#        C:\Users\T460P\Desktop\Bran_Test\Bran_Test\EWARM\Debug\List\TEMPLATE.map
#    Command line =  
#        C:\Users\T460P\Desktop\Bran_Test\Bran_Test\EWARM\Debug\Obj\adc.o
#        C:\Users\T460P\Desktop\Bran_Test\Bran_Test\EWARM\Debug\Obj\bsp_adc.o
#        C:\Users\T460P\Desktop\Bran_Test\Bran_Test\EWARM\Debug\Obj\bsp_SysTick.o
#        C:\Users\T460P\Desktop\Bran_Test\Bran_Test\EWARM\Debug\Obj\bsp_TiMbase.o
#        C:\Users\T460P\Desktop\Bran_Test\Bran_Test\EWARM\Debug\Obj\bsp_usart1.o
#        C:\Users\T460P\Desktop\Bran_Test\Bran_Test\EWARM\Debug\Obj\global.o
#        C:\Users\T460P\Desktop\Bran_Test\Bran_Test\EWARM\Debug\Obj\LED.o
#        C:\Users\T460P\Desktop\Bran_Test\Bran_Test\EWARM\Debug\Obj\main.o
#        C:\Users\T460P\Desktop\Bran_Test\Bran_Test\EWARM\Debug\Obj\misc.o
#        C:\Users\T460P\Desktop\Bran_Test\Bran_Test\EWARM\Debug\Obj\port.o
#        C:\Users\T460P\Desktop\Bran_Test\Bran_Test\EWARM\Debug\Obj\startup_stm32f10x_hd.o
#        C:\Users\T460P\Desktop\Bran_Test\Bran_Test\EWARM\Debug\Obj\stm32f10x_adc.o
#        C:\Users\T460P\Desktop\Bran_Test\Bran_Test\EWARM\Debug\Obj\stm32f10x_bkp.o
#        C:\Users\T460P\Desktop\Bran_Test\Bran_Test\EWARM\Debug\Obj\stm32f10x_can.o
#        C:\Users\T460P\Desktop\Bran_Test\Bran_Test\EWARM\Debug\Obj\stm32f10x_cec.o
#        C:\Users\T460P\Desktop\Bran_Test\Bran_Test\EWARM\Debug\Obj\stm32f10x_crc.o
#        C:\Users\T460P\Desktop\Bran_Test\Bran_Test\EWARM\Debug\Obj\stm32f10x_dac.o
#        C:\Users\T460P\Desktop\Bran_Test\Bran_Test\EWARM\Debug\Obj\stm32f10x_dbgmcu.o
#        C:\Users\T460P\Desktop\Bran_Test\Bran_Test\EWARM\Debug\Obj\stm32f10x_dma.o
#        C:\Users\T460P\Desktop\Bran_Test\Bran_Test\EWARM\Debug\Obj\stm32f10x_exti.o
#        C:\Users\T460P\Desktop\Bran_Test\Bran_Test\EWARM\Debug\Obj\stm32f10x_flash.o
#        C:\Users\T460P\Desktop\Bran_Test\Bran_Test\EWARM\Debug\Obj\stm32f10x_fsmc.o
#        C:\Users\T460P\Desktop\Bran_Test\Bran_Test\EWARM\Debug\Obj\stm32f10x_gpio.o
#        C:\Users\T460P\Desktop\Bran_Test\Bran_Test\EWARM\Debug\Obj\stm32f10x_i2c.o
#        C:\Users\T460P\Desktop\Bran_Test\Bran_Test\EWARM\Debug\Obj\stm32f10x_it.o
#        C:\Users\T460P\Desktop\Bran_Test\Bran_Test\EWARM\Debug\Obj\stm32f10x_iwdg.o
#        C:\Users\T460P\Desktop\Bran_Test\Bran_Test\EWARM\Debug\Obj\stm32f10x_pwr.o
#        C:\Users\T460P\Desktop\Bran_Test\Bran_Test\EWARM\Debug\Obj\stm32f10x_rcc.o
#        C:\Users\T460P\Desktop\Bran_Test\Bran_Test\EWARM\Debug\Obj\stm32f10x_rtc.o
#        C:\Users\T460P\Desktop\Bran_Test\Bran_Test\EWARM\Debug\Obj\stm32f10x_sdio.o
#        C:\Users\T460P\Desktop\Bran_Test\Bran_Test\EWARM\Debug\Obj\stm32f10x_spi.o
#        C:\Users\T460P\Desktop\Bran_Test\Bran_Test\EWARM\Debug\Obj\stm32f10x_tim.o
#        C:\Users\T460P\Desktop\Bran_Test\Bran_Test\EWARM\Debug\Obj\stm32f10x_usart.o
#        C:\Users\T460P\Desktop\Bran_Test\Bran_Test\EWARM\Debug\Obj\stm32f10x_wwdg.o
#        C:\Users\T460P\Desktop\Bran_Test\Bran_Test\EWARM\Debug\Obj\system_stm32f10x.o
#        -o
#        C:\Users\T460P\Desktop\Bran_Test\Bran_Test\EWARM\Debug\Exe\TEMPLATE.out
#        --map
#        C:\Users\T460P\Desktop\Bran_Test\Bran_Test\EWARM\Debug\List\TEMPLATE.map
#        --config
#        C:\Users\T460P\Desktop\Bran_Test\Bran_Test\EWARM\stm32f10x_flash.icf
#        --semihosting --entry __iar_program_start --vfe
#
###############################################################################

*******************************************************************************
*** RUNTIME MODEL ATTRIBUTES
***

CppFlavor       = *
__SystemLibrary = DLib


*******************************************************************************
*** PLACEMENT SUMMARY
***

"A0":  place at 0x08000000 { ro section .intvec };
"P1":  place in [from 0x08000000 to 0x080fffff] { ro };
"P2":  place in [from 0x20000000 to 0x20017fff] { rw, block CSTACK, block HEAP };
initialize by copy { rw };

  Section             Kind        Address    Size  Object
  -------             ----        -------    ----  ------
"A0":                                       0x134
  .intvec             ro code  0x08000000   0x134  startup_stm32f10x_hd.o [1]
                             - 0x08000134   0x134

"P1":                                      0x3762
  .text               ro code  0x08000134   0xdbe  xprintffull_nomb.o [3]
  .text               ro code  0x08000ef2    0x1a  xsnprout.o [3]
  .text               ro code  0x08000f0c    0x16  strchr.o [5]
  .text               ro code  0x08000f22     0xa  xsprout.o [3]
  .text               ro code  0x08000f2c    0x36  strlen.o [5]
  .text               ro code  0x08000f64    0x58  memchr.o [5]
  .text               ro code  0x08000fbc    0xee  I64DivMod.o [5]
  .text               ro code  0x080010ac    0x76  ABImemcpy_unaligned.o [5]
  .text               ro code  0x08001122    0x44  xdnorm.o [4]
  .text               ro code  0x08001168    0x2e  DblCmpLe.o [4]
  .text               ro code  0x08001198    0x2e  DblCmpGe.o [4]
  .text               ro code  0x080011c8   0x10c  xdscale.o [4]
  .text               ro code  0x080012d4    0x58  DblToI32.o [4]
  .text               ro code  0x0800132c    0x30  I32ToDbl.o [4]
  .text               ro code  0x0800135c   0x180  DblSub.o [4]
  .text               ro code  0x080014dc   0x1a2  DblMul.o [4]
  .text               ro code  0x08001680   0x256  DblDiv.o [4]
  .text               ro code  0x080018d8    0x6c  localeconv.o [3]
  .text               ro code  0x08001944     0xe  div.o [3]
  .text               ro code  0x08001954     0x2  I64DivZer.o [5]
  .text               ro code  0x08001958    0xd4  DblAdd.o [4]
  .text               ro code  0x08001a2c     0x2  xtls.o [3]
  .text               ro code  0x08001a30   0x3b4  main.o [1]
  .text               ro code  0x08001de4    0x66  ABImemset.o [5]
  .text               ro code  0x08001e4c    0x6c  strncpy_unaligned.o [5]
  .text               ro code  0x08001eb8    0x1c  strcat.o [3]
  .text               ro code  0x08001ed4   0x1b4  bsp_usart1.o [1]
  .text               ro code  0x08002088    0x24  printf.o [3]
  .text               ro code  0x080020ac     0x8  main.o [1]
  .text               ro code  0x080020b4     0x6  ABImemclr4.o [5]
  .text               ro code  0x080020bc   0x10c  port.o [1]
  .text               ro code  0x080021c8    0x44  strcpy_unaligned.o [5]
  .text               ro code  0x0800220c   0x230  adc.o [1]
  .text               ro code  0x0800243c    0x4e  FltToDbl.o [4]
  .text               ro code  0x0800248c    0x34  sprintf.o [3]
  .text               ro code  0x080024c0    0xa8  bsp_SysTick.o [1]
  .text               ro code  0x08002568    0x74  LED.o [1]
  .text               ro code  0x080025dc   0x104  bsp_TiMbase.o [1]
  .text               ro code  0x080026e0   0x170  stm32f10x_rcc.o [1]
  .text               ro code  0x08002850    0xc6  stm32f10x_gpio.o [1]
  .text               ro code  0x08002918   0x176  stm32f10x_usart.o [1]
  .text               ro code  0x08002a90    0x7c  misc.o [1]
  .text               ro code  0x08002b0c    0x3c  vsnprint.o [3]
  .text               ro code  0x08002b48    0x2e  strstr.o [3]
  .text               ro code  0x08002b78    0x32  ABImemset48.o [5]
  .text               ro code  0x08002bac   0x208  stm32f10x_adc.o [1]
  .text               ro code  0x08002db4   0x19c  stm32f10x_dma.o [1]
  .text               ro code  0x08002f50    0x1e  I32ToFlt.o [4]
  .text               ro code  0x08002f70    0x90  DblToFlt.o [4]
  .text               ro code  0x08003000    0xfc  FltDiv.o [4]
  .text               ro code  0x080030fc   0x12c  stm32f10x_tim.o [1]
  .text               ro code  0x08003228   0x180  stm32f10x_it.o [1]
  .text               ro code  0x080033a8   0x158  system_stm32f10x.o [1]
  .text               ro code  0x08003500    0x40  zero_init3.o [5]
  .text               ro code  0x08003540    0x38  packbits_init_single.o [5]
  .text               ro code  0x08003578    0x28  data_init.o [5]
  .iar.init_table     const    0x080035a0    0x20  - Linker created -
  .rodata             const    0x080035c0    0x20  adc.o [1]
  .text               ro code  0x080035e0    0x1a  cmain.o [5]
  .text               ro code  0x080035fa     0x4  low_level_init.o [3]
  .text               ro code  0x080035fe     0x4  exit.o [3]
  .text               ro code  0x08003604     0xa  cexit.o [5]
  .text               ro code  0x08003610    0x14  exit.o [6]
  .rodata             const    0x08003624    0x18  main.o [1]
  .text               ro code  0x0800363c    0x16  xprout.o [3]
  .text               ro code  0x08003654     0xc  putchar.o [3]
  .rodata             const    0x08003660    0x14  main.o [1]
  .rodata             const    0x08003674    0x14  main.o [1]
  .rodata             const    0x08003688    0x14  main.o [1]
  .rodata             const    0x0800369c    0x14  main.o [1]
  .rodata             const    0x080036b0    0x10  main.o [1]
  .rodata             const    0x080036c0    0x10  main.o [1]
  .rodata             const    0x080036d0    0x10  main.o [1]
  .rodata             const    0x080036e0    0x10  main.o [1]
  .rodata             const    0x080036f0    0x10  main.o [1]
  .rodata             const    0x08003700    0x10  main.o [1]
  .rodata             const    0x08003710    0x10  main.o [1]
  .text               ro code  0x08003720    0x10  startup_stm32f10x_hd.o [1]
  .rodata             const    0x08003730     0xc  main.o [1]
  .rodata             const    0x0800373c     0xc  main.o [1]
  .rodata             const    0x08003748     0xc  main.o [1]
  .text               ro code  0x08003754     0xc  cstartup_M.o [5]
  .rodata             const    0x08003760     0x8  main.o [1]
  .rodata             const    0x08003768     0x8  main.o [1]
  .text               ro code  0x08003770     0x4  startup_stm32f10x_hd.o [1]
  .text               ro code  0x08003774     0x4  startup_stm32f10x_hd.o [1]
  .text               ro code  0x08003778     0x4  startup_stm32f10x_hd.o [1]
  .text               ro code  0x0800377c     0x4  startup_stm32f10x_hd.o [1]
  .text               ro code  0x08003780     0x4  startup_stm32f10x_hd.o [1]
  .text               ro code  0x08003784     0x4  startup_stm32f10x_hd.o [1]
  .text               ro code  0x08003788     0x4  startup_stm32f10x_hd.o [1]
  .text               ro code  0x0800378c     0x4  startup_stm32f10x_hd.o [1]
  .text               ro code  0x08003790     0x4  startup_stm32f10x_hd.o [1]
  .text               ro code  0x08003794     0x4  startup_stm32f10x_hd.o [1]
  .text               ro code  0x08003798     0x4  startup_stm32f10x_hd.o [1]
  .text               ro code  0x0800379c     0x4  startup_stm32f10x_hd.o [1]
  .text               ro code  0x080037a0     0x4  startup_stm32f10x_hd.o [1]
  .text               ro code  0x080037a4     0x4  startup_stm32f10x_hd.o [1]
  .text               ro code  0x080037a8     0x4  startup_stm32f10x_hd.o [1]
  .text               ro code  0x080037ac     0x4  startup_stm32f10x_hd.o [1]
  .text               ro code  0x080037b0     0x4  startup_stm32f10x_hd.o [1]
  .text               ro code  0x080037b4     0x4  startup_stm32f10x_hd.o [1]
  .text               ro code  0x080037b8     0x4  startup_stm32f10x_hd.o [1]
  .text               ro code  0x080037bc     0x4  startup_stm32f10x_hd.o [1]
  .text               ro code  0x080037c0     0x4  startup_stm32f10x_hd.o [1]
  .text               ro code  0x080037c4     0x4  startup_stm32f10x_hd.o [1]
  .text               ro code  0x080037c8     0x4  startup_stm32f10x_hd.o [1]
  .text               ro code  0x080037cc     0x4  startup_stm32f10x_hd.o [1]
  .text               ro code  0x080037d0     0x4  startup_stm32f10x_hd.o [1]
  .text               ro code  0x080037d4     0x4  startup_stm32f10x_hd.o [1]
  .text               ro code  0x080037d8     0x4  startup_stm32f10x_hd.o [1]
  .text               ro code  0x080037dc     0x4  startup_stm32f10x_hd.o [1]
  .text               ro code  0x080037e0     0x4  startup_stm32f10x_hd.o [1]
  .text               ro code  0x080037e4     0x4  startup_stm32f10x_hd.o [1]
  .text               ro code  0x080037e8     0x4  startup_stm32f10x_hd.o [1]
  .text               ro code  0x080037ec     0x4  startup_stm32f10x_hd.o [1]
  .text               ro code  0x080037f0     0x4  startup_stm32f10x_hd.o [1]
  .text               ro code  0x080037f4     0x4  startup_stm32f10x_hd.o [1]
  .text               ro code  0x080037f8     0x4  startup_stm32f10x_hd.o [1]
  .text               ro code  0x080037fc     0x4  startup_stm32f10x_hd.o [1]
  .text               ro code  0x08003800     0x4  startup_stm32f10x_hd.o [1]
  .text               ro code  0x08003804     0x4  startup_stm32f10x_hd.o [1]
  .text               ro code  0x08003808     0x4  startup_stm32f10x_hd.o [1]
  .text               ro code  0x0800380c     0x4  startup_stm32f10x_hd.o [1]
  .text               ro code  0x08003810     0x4  startup_stm32f10x_hd.o [1]
  .text               ro code  0x08003814     0x4  startup_stm32f10x_hd.o [1]
  .text               ro code  0x08003818     0x4  startup_stm32f10x_hd.o [1]
  .text               ro code  0x0800381c     0x4  startup_stm32f10x_hd.o [1]
  .text               ro code  0x08003820     0x4  startup_stm32f10x_hd.o [1]
  .text               ro code  0x08003824     0x4  startup_stm32f10x_hd.o [1]
  .text               ro code  0x08003828     0x4  startup_stm32f10x_hd.o [1]
  .text               ro code  0x0800382c     0x4  startup_stm32f10x_hd.o [1]
  .text               ro code  0x08003830     0x4  startup_stm32f10x_hd.o [1]
  .rodata             const    0x08003834     0x0  zero_init3.o [5]
  .rodata             const    0x08003834     0x0  packbits_init_single.o [5]
  Initializer bytes   const    0x08003834    0x62  <for P2-1>
                             - 0x08003896  0x3762

"P2", part 1 of 3:                          0x100
  P2-1                         0x20000000   0x100  <Init block>
    .data             inited   0x20000000    0x20  main.o [1]
    .data             inited   0x20000020    0x10  stm32f10x_rcc.o [1]
    .data             inited   0x20000030     0x4  stm32f10x_rcc.o [1]
    .data             inited   0x20000034     0x4  system_stm32f10x.o [1]
    .data             inited   0x20000038    0x40  xfiles.o [3]
    __DLIB_PERTHREAD  inited   0x20000078    0x88  localeconv.o [3]
                             - 0x20000100   0x100

"P2", part 2 of 3:                          0x400
  CSTACK                       0x20000100   0x400  <Block>
    CSTACK            uninit   0x20000100   0x400  <Block tail>
                             - 0x20000500   0x400

"P2", part 3 of 3:                          0x91c
  .bss                zero     0x20000500   0x400  global.o [1]
  .bss                zero     0x20000900   0x400  main.o [1]
  .bss                zero     0x20000d00    0xa0  adc.o [1]
  .bss                zero     0x20000da0    0x50  xfiles.o [3]
  .bss                zero     0x20000df0    0x20  main.o [1]
  .bss                zero     0x20000e10     0x4  bsp_SysTick.o [1]
  .bss                zero     0x20000e14     0x4  global.o [1]
  .bss                zero     0x20000e18     0x2  global.o [1]
  .bss                zero     0x20000e1a     0x1  global.o [1]
                             - 0x20000e1b   0x91b


*******************************************************************************
*** INIT TABLE
***

          Address     Size
          -------     ----
Zero (__iar_zero_init3)
    1 destination range, total size 0x91b:
          0x20000500  0x91b

Copy/packbits (__iar_packbits_init_single3)
    1 source range, total size 0x62 (38% of destination):
          0x08003834   0x62
    1 destination range, total size 0x100:
          0x20000000  0x100



*******************************************************************************
*** MODULE SUMMARY
***

    Module                  ro code  ro data  rw data
    ------                  -------  -------  -------
C:\Users\T460P\Desktop\Bran_Test\Bran_Test\EWARM\Debug\Obj: [1]
    LED.o                       116
    adc.o                       560       32      160
    bsp_SysTick.o               168                 4
    bsp_TiMbase.o               260
    bsp_usart1.o                436
    global.o                                    1 031
    main.o                      956      280    1 088
    misc.o                      124
    port.o                      268
    startup_stm32f10x_hd.o      520
    stm32f10x_adc.o             520
    stm32f10x_dma.o             412
    stm32f10x_gpio.o            198
    stm32f10x_it.o              384
    stm32f10x_rcc.o             368        7       20
    stm32f10x_tim.o             300
    stm32f10x_usart.o           374
    system_stm32f10x.o          344        2        4
    -------------------------------------------------
    Total:                    6 308      321    2 307

command line: [2]
    -------------------------------------------------
    Total:

dl7M_tlf.a: [3]
    div.o                        14
    exit.o                        4
    localeconv.o                108       53      136
    low_level_init.o              4
    printf.o                     36
    putchar.o                    12
    sprintf.o                    52
    strcat.o                     28
    strstr.o                     46
    vsnprint.o                   60
    xfiles.o                              24      144
    xprintffull_nomb.o        3 518
    xprout.o                     22
    xsnprout.o                   26
    xsprout.o                    10
    xtls.o                        2
    -------------------------------------------------
    Total:                    3 942       77      280

m7M_tl.a: [4]
    DblAdd.o                    212
    DblCmpGe.o                   46
    DblCmpLe.o                   46
    DblDiv.o                    598
    DblMul.o                    418
    DblSub.o                    384
    DblToFlt.o                  144
    DblToI32.o                   88
    FltDiv.o                    252
    FltToDbl.o                   78
    I32ToDbl.o                   48
    I32ToFlt.o                   30
    xdnorm.o                     68
    xdscale.o                   268
    -------------------------------------------------
    Total:                    2 680

rt7M_tl.a: [5]
    ABImemclr4.o                  6
    ABImemcpy_unaligned.o       118
    ABImemset.o                 102
    ABImemset48.o                50
    I64DivMod.o                 238
    I64DivZer.o                   2
    cexit.o                      10
    cmain.o                      26
    cstartup_M.o                 12
    data_init.o                  40
    memchr.o                     88
    packbits_init_single.o       56
    strchr.o                     22
    strcpy_unaligned.o           68
    strlen.o                     54
    strncpy_unaligned.o         108
    zero_init3.o                 64
    -------------------------------------------------
    Total:                    1 064

shb_l.a: [6]
    exit.o                       20
    -------------------------------------------------
    Total:                       20

    Gaps                         42
    Linker created                        32    1 024
-----------------------------------------------------
    Grand Total:             14 056      430    3 611


*******************************************************************************
*** ENTRY LIST
***

Entry                      Address   Size  Type      Object
-----                      -------   ----  ----      ------
.iar.init_table$$Base   0x080035a0          --   Gb  - Linker created -
.iar.init_table$$Limit  0x080035c0          --   Gb  - Linker created -
?main                   0x080035e1         Code  Gb  cmain.o [5]
ADCPrescTable           0x20000030    0x4  Data  Lc  stm32f10x_rcc.o [1]
ADC_Cmd                 0x08002c53   0x1a  Code  Gb  stm32f10x_adc.o [1]
ADC_DMACmd              0x08002c6d   0x1a  Code  Gb  stm32f10x_adc.o [1]
ADC_DeInit              0x08002bad   0x5c  Code  Gb  stm32f10x_adc.o [1]
ADC_GetCalibrationStatus
                        0x08002caf   0x14  Code  Gb  stm32f10x_adc.o [1]
ADC_GetResetCalibrationStatus
                        0x08002c91   0x14  Code  Gb  stm32f10x_adc.o [1]
ADC_Init                0x08002c09   0x4a  Code  Gb  stm32f10x_adc.o [1]
ADC_RegularChannelConfig
                        0x08002cdd   0xc4  Code  Gb  stm32f10x_adc.o [1]
ADC_ResetCalibration    0x08002c87    0xa  Code  Gb  stm32f10x_adc.o [1]
ADC_SoftwareStartConvCmd
                        0x08002cc3   0x1a  Code  Gb  stm32f10x_adc.o [1]
ADC_StartCalibration    0x08002ca5    0xa  Code  Gb  stm32f10x_adc.o [1]
APBAHBPrescTable        0x20000020   0x10  Data  Lc  stm32f10x_rcc.o [1]
BAT_DIS                 0x080021ab    0xa  Code  Gb  port.o [1]
BAT_EN                  0x080021a1    0xa  Code  Gb  port.o [1]
BOOT_DIS                0x080021bf    0xa  Code  Gb  port.o [1]
BOOT_EN                 0x080021b5    0xa  Code  Gb  port.o [1]
BusFault_Handler        0x0800339f    0x2  Code  Gb  stm32f10x_it.o [1]
CSTACK$$Base            0x20000100          --   Gb  - Linker created -
CSTACK$$Limit           0x20000500          --   Gb  - Linker created -
DCIN_DIS                0x08002197    0xa  Code  Gb  port.o [1]
DCIN_EN                 0x0800218d    0xa  Code  Gb  port.o [1]
DMA_Cmd                 0x08002efb   0x1c  Code  Gb  stm32f10x_dma.o [1]
DMA_DeInit              0x08002db5  0x10a  Code  Gb  stm32f10x_dma.o [1]
DMA_Init                0x08002ebf   0x3c  Code  Gb  stm32f10x_dma.o [1]
DebugMon_Handler        0x080033a5    0x2  Code  Gb  stm32f10x_it.o [1]
GPIO_Init               0x08002851   0xc0  Code  Gb  stm32f10x_gpio.o [1]
GPIO_SetBits            0x08002911    0x6  Code  Gb  stm32f10x_gpio.o [1]
HardFault_Handler       0x0800339b    0x2  Code  Gb  stm32f10x_it.o [1]
IWDG_Feed               0x08001d1f    0xa  Code  Gb  main.o [1]
IWDG_Init               0x08001cf9   0x26  Code  Gb  main.o [1]
LED_Gpioinit            0x08002569   0x2e  Code  Gb  LED.o [1]
LoadInt                 0x080006db   0x6e  Code  Lc  xprintffull_nomb.o [3]
MemManage_Handler       0x0800339d    0x2  Code  Gb  stm32f10x_it.o [1]
NMI_Handler             0x08003399    0x2  Code  Gb  stm32f10x_it.o [1]
NVIC_Init               0x08002a9b   0x5e  Code  Gb  misc.o [1]
NVIC_PriorityGroupConfig
                        0x08002a91    0xa  Code  Gb  misc.o [1]
NVIC_SetPriority        0x080024c1   0x22  Code  Lc  bsp_SysTick.o [1]
PendSV_Handler          0x080033a7    0x2  Code  Gb  stm32f10x_it.o [1]
Port_Clear              0x080020f5   0x3c  Code  Gb  port.o [1]
Port_Gpioinit           0x080020bd   0x38  Code  Gb  port.o [1]
Port_Set                0x08002131   0x3c  Code  Gb  port.o [1]
RCC_ADCCLKConfig        0x080026e1   0x12  Code  Gb  stm32f10x_rcc.o [1]
RCC_AHBPeriphClockCmd   0x080027ad   0x20  Code  Gb  stm32f10x_rcc.o [1]
RCC_APB1PeriphClockCmd  0x080027ed   0x20  Code  Gb  stm32f10x_rcc.o [1]
RCC_APB2PeriphClockCmd  0x080027cd   0x20  Code  Gb  stm32f10x_rcc.o [1]
RCC_APB2PeriphResetCmd  0x0800280d   0x20  Code  Gb  stm32f10x_rcc.o [1]
RCC_GetClocksFreq       0x080026f3   0xba  Code  Gb  stm32f10x_rcc.o [1]
Region$$Table$$Base     0x080035a0          --   Gb  - Linker created -
Region$$Table$$Limit    0x080035c0          --   Gb  - Linker created -
SVC_Handler             0x080033a3    0x2  Code  Gb  stm32f10x_it.o [1]
SetSysClock             0x080033fd    0x8  Code  Lc  system_stm32f10x.o [1]
SetSysClockTo72         0x08003405   0xe0  Code  Lc  system_stm32f10x.o [1]
SysTick_Config          0x080024e3   0x2e  Code  Lc  bsp_SysTick.o [1]
SysTick_Handler         0x08003391    0x8  Code  Gb  stm32f10x_it.o [1]
SysTick_Init            0x08002511   0x24  Code  Gb  bsp_SysTick.o [1]
SystemCoreClock         0x20000034    0x4  Data  Gb  system_stm32f10x.o [1]
SystemInit              0x080033a9   0x54  Code  Gb  system_stm32f10x.o [1]
T                       0x20000e14    0x4  Data  Gb  global.o [1]
TIM2_Configuration      0x08002631   0x5a  Code  Gb  bsp_TiMbase.o [1]
TIM2_IRQHandler         0x08003325   0x32  Code  Gb  stm32f10x_it.o [1]
TIM2_NVIC_Configuration
                        0x080025dd   0x2a  Code  Gb  bsp_TiMbase.o [1]
TIM3_Configuration      0x0800268b   0x4c  Code  Gb  bsp_TiMbase.o [1]
TIM3_IRQHandler         0x08003357   0x22  Code  Gb  stm32f10x_it.o [1]
TIM3_NVIC_Configuration
                        0x08002607   0x2a  Code  Gb  bsp_TiMbase.o [1]
TIM_ClearFlag           0x080031c7    0x8  Code  Gb  stm32f10x_tim.o [1]
TIM_ClearITPendingBit   0x080031f7    0x8  Code  Gb  stm32f10x_tim.o [1]
TIM_Cmd                 0x0800318f   0x1c  Code  Gb  stm32f10x_tim.o [1]
TIM_GetITStatus         0x080031cf   0x28  Code  Gb  stm32f10x_tim.o [1]
TIM_ITConfig            0x080031ab   0x18  Code  Gb  stm32f10x_tim.o [1]
TIM_SetCounter          0x080031c3    0x4  Code  Gb  stm32f10x_tim.o [1]
TIM_TimeBaseInit        0x080030fd   0x92  Code  Gb  stm32f10x_tim.o [1]
TimingDelay             0x20000e10    0x4  Data  Lc  bsp_SysTick.o [1]
TimingDelay_Decrement   0x08002535   0x14  Code  Gb  bsp_SysTick.o [1]
UART4_Config            0x08001f4d   0xaa  Code  Gb  bsp_usart1.o [1]
UART4_IRQHandler        0x080032a7   0x7e  Code  Gb  stm32f10x_it.o [1]
USART1_Config           0x08001ed5   0x78  Code  Gb  bsp_usart1.o [1]
USART2_IRQHandler       0x08003229   0x7e  Code  Gb  stm32f10x_it.o [1]
USART2_RX_BUF           0x20000500  0x400  Data  Gb  global.o [1]
USART2_RX_STA           0x20000e18    0x2  Data  Gb  global.o [1]
USART_ClearITPendingBit
                        0x08002a71   0x1e  Code  Gb  stm32f10x_usart.o [1]
USART_Cmd               0x080029d9   0x1c  Code  Gb  stm32f10x_usart.o [1]
USART_GetFlagStatus     0x08002a57   0x1a  Code  Gb  stm32f10x_usart.o [1]
USART_ITConfig          0x080029f5   0x52  Code  Gb  stm32f10x_usart.o [1]
USART_Init              0x08002919   0xba  Code  Gb  stm32f10x_usart.o [1]
USART_ReceiveData       0x08002a4f    0x8  Code  Gb  stm32f10x_usart.o [1]
USART_SendData          0x08002a47    0x8  Code  Gb  stm32f10x_usart.o [1]
UsageFault_Handler      0x080033a1    0x2  Code  Gb  stm32f10x_it.o [1]
UsartInit               0x0800204d    0xc  Code  Gb  bsp_usart1.o [1]
VBUS_DIS                0x08002183    0xa  Code  Gb  port.o [1]
VBUS_EN                 0x08002179    0xa  Code  Gb  port.o [1]
_GenldFullNoMb          0x08000c55  0x254  Code  Lc  xprintffull_nomb.o [3]
_LdtobFullNoMb          0x08000855  0x3fa  Code  Lc  xprintffull_nomb.o [3]
_LitobFullNoMb          0x08000749  0x10a  Code  Lc  xprintffull_nomb.o [3]
_Locale_aeabi_lconv     0x200000c8   0x38  Data  Gb  localeconv.o [3]
_Locale_lconv           0x20000078   0x50  Data  Gb  localeconv.o [3]
_PrintfFullNoMb         0x08000135  0x5a0  Code  Gb  xprintffull_nomb.o [3]
_Prout                  0x0800363d   0x16  Code  Gb  xprout.o [3]
_PutcharsFullNoMb       0x08000ea9   0x2e  Code  Lc  xprintffull_nomb.o [3]
_SNProut                0x08000ef3   0x1a  Code  Gb  xsnprout.o [3]
_SProut                 0x08000f23    0xa  Code  Gb  xsprout.o [3]
__aeabi_cdcmple         0x08001169         Code  Gb  DblCmpLe.o [4]
__aeabi_cdrcmple        0x08001199         Code  Gb  DblCmpGe.o [4]
__aeabi_d2f             0x08002f71         Code  Gb  DblToFlt.o [4]
__aeabi_d2iz            0x080012d5         Code  Gb  DblToI32.o [4]
__aeabi_d2uiz           0x08001301         Code  Gb  DblToI32.o [4]
__aeabi_ddiv            0x08001681         Code  Gb  DblDiv.o [4]
__aeabi_dmul            0x080014dd         Code  Gb  DblMul.o [4]
__aeabi_dsub            0x0800135d         Code  Gb  DblSub.o [4]
__aeabi_f2d             0x0800243d         Code  Gb  FltToDbl.o [4]
__aeabi_fdiv            0x08003001         Code  Gb  FltDiv.o [4]
__aeabi_i2d             0x0800132d         Code  Gb  I32ToDbl.o [4]
__aeabi_ldiv0           0x08001955         Code  Gb  I64DivZer.o [5]
__aeabi_memclr4         0x080020b5         Code  Gb  ABImemclr4.o [5]
__aeabi_memset          0x08001de5         Code  Gb  ABImemset.o [5]
__aeabi_ui2d            0x08001341         Code  Gb  I32ToDbl.o [4]
__aeabi_ui2f            0x08002f51         Code  Gb  I32ToFlt.o [4]
__aeabi_uldivmod        0x08000fbd         Code  Gb  I64DivMod.o [5]
__cmain                 0x080035e1         Code  Gb  cmain.o [5]
__exit                  0x08003611   0x14  Code  Gb  exit.o [6]
__iar_Dnorm             0x08001123   0x44  Code  Gb  xdnorm.o [4]
__iar_Dscale            0x080011c9  0x10c  Code  Gb  xdscale.o [4]
__iar_Locale_lconv_init
                        0x080018d9   0x3a  Code  Gb  localeconv.o [3]
__iar_Memchr            0x08000f65         Code  Gb  memchr.o [5]
__iar_Memset            0x08001de5         Code  Gb  ABImemset.o [5]
__iar_Memset4_word      0x08002b79         Code  Gb  ABImemset48.o [5]
__iar_Memset8_word      0x08002b79         Code  Gb  ABImemset48.o [5]
__iar_Memset_word       0x08001ded         Code  Gb  ABImemset.o [5]
__iar_Stdout            0x20000038   0x40  Data  Gb  xfiles.o [3]
__iar_Strchr            0x08000f0d         Code  Gb  strchr.o [5]
__iar_Strstr            0x08002b49   0x2e  Code  Gb  strstr.o [3]
__iar_d2uiz             0x0800130d         Code  Gb  DblToI32.o [4]
__iar_dadd              0x08001959         Code  Gb  DblAdd.o [4]
__iar_data_init3        0x08003579   0x28  Code  Gb  data_init.o [5]
__iar_dlib_perthread_access
                        0x08001a2d    0x2  Code  Gb  xtls.o [3]
__iar_dsub              0x08001371         Code  Gb  DblSub.o [4]
__iar_dsubStart         0x08001383         Code  Gb  DblSub.o [4]
__iar_packbits_init_single3
                        0x08003541   0x38  Code  Gb  packbits_init_single.o [5]
__iar_program_start     0x08003755         Code  Gb  cstartup_M.o [5]
__iar_ui2d              0x08001345         Code  Gb  I32ToDbl.o [4]
__iar_ui2f              0x08002f55         Code  Gb  I32ToFlt.o [4]
__iar_unaligned___aeabi_memcpy
                        0x080010ad         Code  Gb  ABImemcpy_unaligned.o [5]
__iar_unaligned___aeabi_memcpy4
                        0x080010cd         Code  Gb  ABImemcpy_unaligned.o [5]
__iar_unaligned___aeabi_memcpy8
                        0x080010cd         Code  Gb  ABImemcpy_unaligned.o [5]
__iar_unaligned_strcpy  0x080021c9         Code  Gb  strcpy_unaligned.o [5]
__iar_unaligned_strncpy
                        0x08001e4d         Code  Gb  strncpy_unaligned.o [5]
__iar_zero_init3        0x08003501   0x40  Code  Gb  zero_init3.o [5]
__low_level_init        0x080035fb    0x4  Code  Gb  low_level_init.o [3]
__vector_table          0x08000000         Data  Gb  startup_stm32f10x_hd.o [1]
_call_main              0x080035ed         Code  Gb  cmain.o [5]
_exit                   0x08003605         Code  Gb  cexit.o [5]
_main                   0x080035f7         Code  Gb  cmain.o [5]
ack_buf                 0x20000900  0x400  Data  Gb  main.o [1]
ad_value                0x20000d00   0xa0  Data  Gb  adc.o [1]
adc_config              0x08002375   0x10  Code  Gb  adc.o [1]
adc_dma_init            0x08002325   0x50  Code  Gb  adc.o [1]
adc_gpio_init           0x0800220d   0x40  Code  Gb  adc.o [1]
adc_init                0x0800224d   0xd8  Code  Gb  adc.o [1]
adc_start               0x08002385   0x14  Code  Gb  adc.o [1]
arr_per                 0x080035c0   0x20  Data  Gb  adc.o [1]
bsp_LedToggle           0x08002597   0x3c  Code  Gb  LED.o [1]
cmd                     0x20000000   0x20  Data  Gb  main.o [1]
div                     0x08001945    0xe  Code  Gb  div.o [3]
exit                    0x080035ff    0x4  Code  Gb  exit.o [3]
f_cmd                   0x20000e1a    0x1  Data  Gb  global.o [1]
fputc                   0x08002059   0x20  Code  Gb  bsp_usart1.o [1]
get_ChannelVale         0x08002399   0x80  Code  Gb  adc.o [1]
handle_data             0x08001acb  0x22e  Code  Gb  main.o [1]
localeconv              0x08001913   0x16  Code  Gb  localeconv.o [3]
main                    0x08001d2d   0x6c  Code  Gb  main.o [1]
memchr                  0x08000f65         Code  Gb  memchr.o [5]
obuf                    0x20000da0   0x50  Data  Lc  xfiles.o [3]
printf                  0x08002089   0x24  Code  Gb  printf.o [3]
putchar                 0x08003655    0xc  Code  Gb  putchar.o [3]
send_ack                0x08001a31   0x9a  Code  Gb  main.o [1]
sprintf                 0x0800248d   0x34  Code  Gb  sprintf.o [3]
strcat                  0x08001eb9   0x1c  Code  Gb  strcat.o [3]
strchr                  0x08000f0d         Code  Gb  strchr.o [5]
strlen                  0x08000f2d         Code  Gb  strlen.o [5]
strstr                  0x080020ad    0x8  Code  Gb  main.o [1]
uart4Printf             0x08001ff7   0x56  Code  Gb  bsp_usart1.o [1]
vol                     0x20000df0   0x20  Data  Gb  main.o [1]
vsnprintf               0x08002b0d   0x3c  Code  Gb  vsnprint.o [3]


[1] = C:\Users\T460P\Desktop\Bran_Test\Bran_Test\EWARM\Debug\Obj
[2] = command line
[3] = dl7M_tlf.a
[4] = m7M_tl.a
[5] = rt7M_tl.a
[6] = shb_l.a

  14 056 bytes of readonly  code memory
     430 bytes of readonly  data memory
   3 611 bytes of readwrite data memory

Errors: none
Warnings: none
