###############################################################################
#
# IAR ELF Linker V7.80.2.11947/W32 for ARM                14/Apr/2017  17:40:22
# Copyright 2007-2016 IAR Systems AB.
#
#    Output file  =  
#        C:\Users\T460P\Desktop\Bran_Test\Bran_Test\EWARM\Debug\Exe\TEMPLATE.out
#    Map file     =  
#        C:\Users\T460P\Desktop\Bran_Test\Bran_Test\EWARM\Debug\List\TEMPLATE.map
#    Command line =  
#        C:\Users\T460P\Desktop\Bran_Test\Bran_Test\EWARM\Debug\Obj\adc.o
#        C:\Users\T460P\Desktop\Bran_Test\Bran_Test\EWARM\Debug\Obj\bsp_adc.o
#        C:\Users\T460P\Desktop\Bran_Test\Bran_Test\EWARM\Debug\Obj\bsp_SysTick.o
#        C:\Users\T460P\Desktop\Bran_Test\Bran_Test\EWARM\Debug\Obj\bsp_TiMbase.o
#        C:\Users\T460P\Desktop\Bran_Test\Bran_Test\EWARM\Debug\Obj\bsp_usart1.o
#        C:\Users\T460P\Desktop\Bran_Test\Bran_Test\EWARM\Debug\Obj\global.o
#        C:\Users\T460P\Desktop\Bran_Test\Bran_Test\EWARM\Debug\Obj\LED.o
#        C:\Users\T460P\Desktop\Bran_Test\Bran_Test\EWARM\Debug\Obj\main.o
#        C:\Users\T460P\Desktop\Bran_Test\Bran_Test\EWARM\Debug\Obj\misc.o
#        C:\Users\T460P\Desktop\Bran_Test\Bran_Test\EWARM\Debug\Obj\port.o
#        C:\Users\T460P\Desktop\Bran_Test\Bran_Test\EWARM\Debug\Obj\startup_stm32f10x_hd.o
#        C:\Users\T460P\Desktop\Bran_Test\Bran_Test\EWARM\Debug\Obj\stm32f10x_adc.o
#        C:\Users\T460P\Desktop\Bran_Test\Bran_Test\EWARM\Debug\Obj\stm32f10x_bkp.o
#        C:\Users\T460P\Desktop\Bran_Test\Bran_Test\EWARM\Debug\Obj\stm32f10x_can.o
#        C:\Users\T460P\Desktop\Bran_Test\Bran_Test\EWARM\Debug\Obj\stm32f10x_cec.o
#        C:\Users\T460P\Desktop\Bran_Test\Bran_Test\EWARM\Debug\Obj\stm32f10x_crc.o
#        C:\Users\T460P\Desktop\Bran_Test\Bran_Test\EWARM\Debug\Obj\stm32f10x_dac.o
#        C:\Users\T460P\Desktop\Bran_Test\Bran_Test\EWARM\Debug\Obj\stm32f10x_dbgmcu.o
#        C:\Users\T460P\Desktop\Bran_Test\Bran_Test\EWARM\Debug\Obj\stm32f10x_dma.o
#        C:\Users\T460P\Desktop\Bran_Test\Bran_Test\EWARM\Debug\Obj\stm32f10x_exti.o
#        C:\Users\T460P\Desktop\Bran_Test\Bran_Test\EWARM\Debug\Obj\stm32f10x_flash.o
#        C:\Users\T460P\Desktop\Bran_Test\Bran_Test\EWARM\Debug\Obj\stm32f10x_fsmc.o
#        C:\Users\T460P\Desktop\Bran_Test\Bran_Test\EWARM\Debug\Obj\stm32f10x_gpio.o
#        C:\Users\T460P\Desktop\Bran_Test\Bran_Test\EWARM\Debug\Obj\stm32f10x_i2c.o
#        C:\Users\T460P\Desktop\Bran_Test\Bran_Test\EWARM\Debug\Obj\stm32f10x_it.o
#        C:\Users\T460P\Desktop\Bran_Test\Bran_Test\EWARM\Debug\Obj\stm32f10x_iwdg.o
#        C:\Users\T460P\Desktop\Bran_Test\Bran_Test\EWARM\Debug\Obj\stm32f10x_pwr.o
#        C:\Users\T460P\Desktop\Bran_Test\Bran_Test\EWARM\Debug\Obj\stm32f10x_rcc.o
#        C:\Users\T460P\Desktop\Bran_Test\Bran_Test\EWARM\Debug\Obj\stm32f10x_rtc.o
#        C:\Users\T460P\Desktop\Bran_Test\Bran_Test\EWARM\Debug\Obj\stm32f10x_sdio.o
#        C:\Users\T460P\Desktop\Bran_Test\Bran_Test\EWARM\Debug\Obj\stm32f10x_spi.o
#        C:\Users\T460P\Desktop\Bran_Test\Bran_Test\EWARM\Debug\Obj\stm32f10x_tim.o
#        C:\Users\T460P\Desktop\Bran_Test\Bran_Test\EWARM\Debug\Obj\stm32f10x_usart.o
#        C:\Users\T460P\Desktop\Bran_Test\Bran_Test\EWARM\Debug\Obj\stm32f10x_wwdg.o
#        C:\Users\T460P\Desktop\Bran_Test\Bran_Test\EWARM\Debug\Obj\system_stm32f10x.o
#        -o
#        C:\Users\T460P\Desktop\Bran_Test\Bran_Test\EWARM\Debug\Exe\TEMPLATE.out
#        --map
#        C:\Users\T460P\Desktop\Bran_Test\Bran_Test\EWARM\Debug\List\TEMPLATE.map
#        --config
#        C:\Users\T460P\Desktop\Bran_Test\Bran_Test\EWARM\stm32f10x_flash.icf
#        --semihosting --entry __iar_program_start --vfe
#
###############################################################################

*******************************************************************************
*** RUNTIME MODEL ATTRIBUTES
***

CppFlavor       = *
__SystemLibrary = DLib


*******************************************************************************
*** PLACEMENT SUMMARY
***

"A0":  place at 0x08000000 { ro section .intvec };
"P1":  place in [from 0x08000000 to 0x080fffff] { ro };
"P2":  place in [from 0x20000000 to 0x20017fff] { rw, block CSTACK, block HEAP };
initialize by copy { rw };

  Section             Kind        Address    Size  Object
  -------             ----        -------    ----  ------
"A0":                                       0x134
  .intvec             ro code  0x08000000   0x134  startup_stm32f10x_hd.o [1]
                             - 0x08000134   0x134

"P1":                                      0x3ace
  .text               ro code  0x08000134   0xdbe  xprintffull_nomb.o [3]
  .text               ro code  0x08000ef2    0x1a  xsnprout.o [3]
  .text               ro code  0x08000f0c    0x16  strchr.o [5]
  .text               ro code  0x08000f22     0xa  xsprout.o [3]
  .text               ro code  0x08000f2c    0x36  strlen.o [5]
  .text               ro code  0x08000f64    0x58  memchr.o [5]
  .text               ro code  0x08000fbc    0xee  I64DivMod.o [5]
  .text               ro code  0x080010ac    0x76  ABImemcpy_unaligned.o [5]
  .text               ro code  0x08001122    0x44  xdnorm.o [4]
  .text               ro code  0x08001168    0x2e  DblCmpLe.o [4]
  .text               ro code  0x08001198    0x2e  DblCmpGe.o [4]
  .text               ro code  0x080011c8   0x10c  xdscale.o [4]
  .text               ro code  0x080012d4    0x58  DblToI32.o [4]
  .text               ro code  0x0800132c    0x30  I32ToDbl.o [4]
  .text               ro code  0x0800135c   0x180  DblSub.o [4]
  .text               ro code  0x080014dc   0x1a2  DblMul.o [4]
  .text               ro code  0x08001680   0x256  DblDiv.o [4]
  .text               ro code  0x080018d8    0x6c  localeconv.o [3]
  .text               ro code  0x08001944     0xe  div.o [3]
  .text               ro code  0x08001954     0x2  I64DivZer.o [5]
  .text               ro code  0x08001958    0xd4  DblAdd.o [4]
  .text               ro code  0x08001a2c     0x2  xtls.o [3]
  .text               ro code  0x08001a30   0x494  main.o [1]
  .text               ro code  0x08001ec4    0x66  ABImemset.o [5]
  .text               ro code  0x08001f2c    0x6c  strncpy_unaligned.o [5]
  .text               ro code  0x08001f98    0x1c  strcat.o [3]
  .text               ro code  0x08001fb4   0x1b4  bsp_usart1.o [1]
  .text               ro code  0x08002168    0x24  printf.o [3]
  .text               ro code  0x0800218c     0x8  main.o [1]
  .text               ro code  0x08002194     0x6  ABImemclr4.o [5]
  .text               ro code  0x0800219c   0x10c  port.o [1]
  .text               ro code  0x080022a8    0xc8  bsp_SysTick.o [1]
  .text               ro code  0x08002370   0x2a4  adc.o [1]
  .text               ro code  0x08002614    0x84  FltAdd.o [4]
  .text               ro code  0x08002698    0x4e  FltToDbl.o [4]
  .text               ro code  0x080026e8    0x24  FltCmpLe.o [4]
  .text               ro code  0x0800270c    0x44  strcpy_unaligned.o [5]
  .text               ro code  0x08002750    0x34  sprintf.o [3]
  .text               ro code  0x08002784    0x74  LED.o [1]
  .text               ro code  0x080027f8   0x104  bsp_TiMbase.o [1]
  .text               ro code  0x080028fc   0x170  stm32f10x_rcc.o [1]
  .text               ro code  0x08002a6c    0xc6  stm32f10x_gpio.o [1]
  .text               ro code  0x08002b34   0x176  stm32f10x_usart.o [1]
  .text               ro code  0x08002cac    0x7c  misc.o [1]
  .text               ro code  0x08002d28    0x3c  vsnprint.o [3]
  .text               ro code  0x08002d64    0x2e  strstr.o [3]
  .text               ro code  0x08002d94    0x32  ABImemset48.o [5]
  .text               ro code  0x08002dc8   0x208  stm32f10x_adc.o [1]
  .text               ro code  0x08002fd0   0x19c  stm32f10x_dma.o [1]
  .text               ro code  0x0800316c    0x1e  I32ToFlt.o [4]
  .text               ro code  0x0800318c    0x90  DblToFlt.o [4]
  .text               ro code  0x0800321c    0xfc  FltDiv.o [4]
  .text               ro code  0x08003318    0xe6  FltSub.o [4]
  .text               ro code  0x08003400   0x12c  stm32f10x_tim.o [1]
  .text               ro code  0x0800352c   0x190  stm32f10x_it.o [1]
  .text               ro code  0x080036bc   0x158  system_stm32f10x.o [1]
  .text               ro code  0x08003814    0x40  zero_init3.o [5]
  .text               ro code  0x08003854    0x38  packbits_init_single.o [5]
  .rodata             const    0x0800388c    0x30  main.o [1]
  .text               ro code  0x080038bc    0x28  data_init.o [5]
  .iar.init_table     const    0x080038e4    0x20  - Linker created -
  .rodata             const    0x08003904    0x20  adc.o [1]
  .rodata             const    0x08003924    0x20  adc.o [1]
  .text               ro code  0x08003944    0x1a  cmain.o [5]
  .text               ro code  0x0800395e     0x4  low_level_init.o [3]
  .text               ro code  0x08003962     0x4  exit.o [3]
  .text               ro code  0x08003968     0xa  cexit.o [5]
  .text               ro code  0x08003974    0x14  exit.o [6]
  .rodata             const    0x08003988    0x18  main.o [1]
  .text               ro code  0x080039a0    0x16  xprout.o [3]
  .text               ro code  0x080039b8     0xc  putchar.o [3]
  .rodata             const    0x080039c4    0x14  main.o [1]
  .rodata             const    0x080039d8    0x14  main.o [1]
  .rodata             const    0x080039ec    0x14  main.o [1]
  .rodata             const    0x08003a00    0x14  main.o [1]
  .rodata             const    0x08003a14    0x10  main.o [1]
  .rodata             const    0x08003a24    0x10  main.o [1]
  .rodata             const    0x08003a34    0x10  main.o [1]
  .rodata             const    0x08003a44    0x10  main.o [1]
  .rodata             const    0x08003a54    0x10  main.o [1]
  .rodata             const    0x08003a64    0x10  main.o [1]
  .rodata             const    0x08003a74    0x10  main.o [1]
  .text               ro code  0x08003a84    0x10  startup_stm32f10x_hd.o [1]
  .rodata             const    0x08003a94     0xc  main.o [1]
  .rodata             const    0x08003aa0     0xc  main.o [1]
  .rodata             const    0x08003aac     0xc  main.o [1]
  .text               ro code  0x08003ab8     0xc  cstartup_M.o [5]
  .rodata             const    0x08003ac4     0x8  main.o [1]
  .rodata             const    0x08003acc     0x8  main.o [1]
  .rodata             const    0x08003ad4     0x8  main.o [1]
  .text               ro code  0x08003adc     0x4  startup_stm32f10x_hd.o [1]
  .text               ro code  0x08003ae0     0x4  startup_stm32f10x_hd.o [1]
  .text               ro code  0x08003ae4     0x4  startup_stm32f10x_hd.o [1]
  .text               ro code  0x08003ae8     0x4  startup_stm32f10x_hd.o [1]
  .text               ro code  0x08003aec     0x4  startup_stm32f10x_hd.o [1]
  .text               ro code  0x08003af0     0x4  startup_stm32f10x_hd.o [1]
  .text               ro code  0x08003af4     0x4  startup_stm32f10x_hd.o [1]
  .text               ro code  0x08003af8     0x4  startup_stm32f10x_hd.o [1]
  .text               ro code  0x08003afc     0x4  startup_stm32f10x_hd.o [1]
  .text               ro code  0x08003b00     0x4  startup_stm32f10x_hd.o [1]
  .text               ro code  0x08003b04     0x4  startup_stm32f10x_hd.o [1]
  .text               ro code  0x08003b08     0x4  startup_stm32f10x_hd.o [1]
  .text               ro code  0x08003b0c     0x4  startup_stm32f10x_hd.o [1]
  .text               ro code  0x08003b10     0x4  startup_stm32f10x_hd.o [1]
  .text               ro code  0x08003b14     0x4  startup_stm32f10x_hd.o [1]
  .text               ro code  0x08003b18     0x4  startup_stm32f10x_hd.o [1]
  .text               ro code  0x08003b1c     0x4  startup_stm32f10x_hd.o [1]
  .text               ro code  0x08003b20     0x4  startup_stm32f10x_hd.o [1]
  .text               ro code  0x08003b24     0x4  startup_stm32f10x_hd.o [1]
  .text               ro code  0x08003b28     0x4  startup_stm32f10x_hd.o [1]
  .text               ro code  0x08003b2c     0x4  startup_stm32f10x_hd.o [1]
  .text               ro code  0x08003b30     0x4  startup_stm32f10x_hd.o [1]
  .text               ro code  0x08003b34     0x4  startup_stm32f10x_hd.o [1]
  .text               ro code  0x08003b38     0x4  startup_stm32f10x_hd.o [1]
  .text               ro code  0x08003b3c     0x4  startup_stm32f10x_hd.o [1]
  .text               ro code  0x08003b40     0x4  startup_stm32f10x_hd.o [1]
  .text               ro code  0x08003b44     0x4  startup_stm32f10x_hd.o [1]
  .text               ro code  0x08003b48     0x4  startup_stm32f10x_hd.o [1]
  .text               ro code  0x08003b4c     0x4  startup_stm32f10x_hd.o [1]
  .text               ro code  0x08003b50     0x4  startup_stm32f10x_hd.o [1]
  .text               ro code  0x08003b54     0x4  startup_stm32f10x_hd.o [1]
  .text               ro code  0x08003b58     0x4  startup_stm32f10x_hd.o [1]
  .text               ro code  0x08003b5c     0x4  startup_stm32f10x_hd.o [1]
  .text               ro code  0x08003b60     0x4  startup_stm32f10x_hd.o [1]
  .text               ro code  0x08003b64     0x4  startup_stm32f10x_hd.o [1]
  .text               ro code  0x08003b68     0x4  startup_stm32f10x_hd.o [1]
  .text               ro code  0x08003b6c     0x4  startup_stm32f10x_hd.o [1]
  .text               ro code  0x08003b70     0x4  startup_stm32f10x_hd.o [1]
  .text               ro code  0x08003b74     0x4  startup_stm32f10x_hd.o [1]
  .text               ro code  0x08003b78     0x4  startup_stm32f10x_hd.o [1]
  .text               ro code  0x08003b7c     0x4  startup_stm32f10x_hd.o [1]
  .text               ro code  0x08003b80     0x4  startup_stm32f10x_hd.o [1]
  .text               ro code  0x08003b84     0x4  startup_stm32f10x_hd.o [1]
  .text               ro code  0x08003b88     0x4  startup_stm32f10x_hd.o [1]
  .text               ro code  0x08003b8c     0x4  startup_stm32f10x_hd.o [1]
  .text               ro code  0x08003b90     0x4  startup_stm32f10x_hd.o [1]
  .text               ro code  0x08003b94     0x4  startup_stm32f10x_hd.o [1]
  .text               ro code  0x08003b98     0x4  startup_stm32f10x_hd.o [1]
  .text               ro code  0x08003b9c     0x4  startup_stm32f10x_hd.o [1]
  .rodata             const    0x08003ba0     0x0  zero_init3.o [5]
  .rodata             const    0x08003ba0     0x0  packbits_init_single.o [5]
  Initializer bytes   const    0x08003ba0    0x62  <for P2-1>
                             - 0x08003c02  0x3ace

"P2", part 1 of 3:                          0x100
  P2-1                         0x20000000   0x100  <Init block>
    .data             inited   0x20000000    0x20  main.o [1]
    .data             inited   0x20000020    0x10  stm32f10x_rcc.o [1]
    .data             inited   0x20000030     0x4  stm32f10x_rcc.o [1]
    .data             inited   0x20000034     0x4  system_stm32f10x.o [1]
    .data             inited   0x20000038    0x40  xfiles.o [3]
    __DLIB_PERTHREAD  inited   0x20000078    0x88  localeconv.o [3]
                             - 0x20000100   0x100

"P2", part 2 of 3:                          0x400
  CSTACK                       0x20000100   0x400  <Block>
    CSTACK            uninit   0x20000100   0x400  <Block tail>
                             - 0x20000500   0x400

"P2", part 3 of 3:                          0x920
  .bss                zero     0x20000500   0x400  global.o [1]
  .bss                zero     0x20000900   0x400  main.o [1]
  .bss                zero     0x20000d00    0xa0  adc.o [1]
  .bss                zero     0x20000da0    0x50  xfiles.o [3]
  .bss                zero     0x20000df0    0x20  main.o [1]
  .bss                zero     0x20000e10     0x4  bsp_SysTick.o [1]
  .bss                zero     0x20000e14     0x4  global.o [1]
  .bss                zero     0x20000e18     0x4  global.o [1]
  .bss                zero     0x20000e1c     0x2  global.o [1]
  .bss                zero     0x20000e1e     0x1  global.o [1]
  .bss                zero     0x20000e1f     0x1  global.o [1]
                             - 0x20000e20   0x920


*******************************************************************************
*** INIT TABLE
***

          Address     Size
          -------     ----
Zero (__iar_zero_init3)
    1 destination range, total size 0x920:
          0x20000500  0x920

Copy/packbits (__iar_packbits_init_single3)
    1 source range, total size 0x62 (38% of destination):
          0x08003ba0   0x62
    1 destination range, total size 0x100:
          0x20000000  0x100



*******************************************************************************
*** MODULE SUMMARY
***

    Module                  ro code  ro data  rw data
    ------                  -------  -------  -------
C:\Users\T460P\Desktop\Bran_Test\Bran_Test\EWARM\Debug\Obj: [1]
    LED.o                       116
    adc.o                       676       64      160
    bsp_SysTick.o               200                 4
    bsp_TiMbase.o               260
    bsp_usart1.o                436
    global.o                                    1 036
    main.o                    1 180      336    1 088
    misc.o                      124
    port.o                      268
    startup_stm32f10x_hd.o      520
    stm32f10x_adc.o             520
    stm32f10x_dma.o             412
    stm32f10x_gpio.o            198
    stm32f10x_it.o              400
    stm32f10x_rcc.o             368        7       20
    stm32f10x_tim.o             300
    stm32f10x_usart.o           374
    system_stm32f10x.o          344        2        4
    -------------------------------------------------
    Total:                    6 696      409    2 312

command line: [2]
    -------------------------------------------------
    Total:

dl7M_tlf.a: [3]
    div.o                        14
    exit.o                        4
    localeconv.o                108       53      136
    low_level_init.o              4
    printf.o                     36
    putchar.o                    12
    sprintf.o                    52
    strcat.o                     28
    strstr.o                     46
    vsnprint.o                   60
    xfiles.o                              24      144
    xprintffull_nomb.o        3 518
    xprout.o                     22
    xsnprout.o                   26
    xsprout.o                    10
    xtls.o                        2
    -------------------------------------------------
    Total:                    3 942       77      280

m7M_tl.a: [4]
    DblAdd.o                    212
    DblCmpGe.o                   46
    DblCmpLe.o                   46
    DblDiv.o                    598
    DblMul.o                    418
    DblSub.o                    384
    DblToFlt.o                  144
    DblToI32.o                   88
    FltAdd.o                    132
    FltCmpLe.o                   36
    FltDiv.o                    252
    FltSub.o                    230
    FltToDbl.o                   78
    I32ToDbl.o                   48
    I32ToFlt.o                   30
    xdnorm.o                     68
    xdscale.o                   268
    -------------------------------------------------
    Total:                    3 078

rt7M_tl.a: [5]
    ABImemclr4.o                  6
    ABImemcpy_unaligned.o       118
    ABImemset.o                 102
    ABImemset48.o                50
    I64DivMod.o                 238
    I64DivZer.o                   2
    cexit.o                      10
    cmain.o                      26
    cstartup_M.o                 12
    data_init.o                  40
    memchr.o                     88
    packbits_init_single.o       56
    strchr.o                     22
    strcpy_unaligned.o           68
    strlen.o                     54
    strncpy_unaligned.o         108
    zero_init3.o                 64
    -------------------------------------------------
    Total:                    1 064

shb_l.a: [6]
    exit.o                       20
    -------------------------------------------------
    Total:                       20

    Gaps                         44
    Linker created                        32    1 024
-----------------------------------------------------
    Grand Total:             14 844      518    3 616


*******************************************************************************
*** ENTRY LIST
***

Entry                      Address   Size  Type      Object
-----                      -------   ----  ----      ------
.iar.init_table$$Base   0x080038e4          --   Gb  - Linker created -
.iar.init_table$$Limit  0x08003904          --   Gb  - Linker created -
?main                   0x08003945         Code  Gb  cmain.o [5]
ADCPrescTable           0x20000030    0x4  Data  Lc  stm32f10x_rcc.o [1]
ADC_Cmd                 0x08002e6f   0x1a  Code  Gb  stm32f10x_adc.o [1]
ADC_DMACmd              0x08002e89   0x1a  Code  Gb  stm32f10x_adc.o [1]
ADC_DeInit              0x08002dc9   0x5c  Code  Gb  stm32f10x_adc.o [1]
ADC_GetCalibrationStatus
                        0x08002ecb   0x14  Code  Gb  stm32f10x_adc.o [1]
ADC_GetResetCalibrationStatus
                        0x08002ead   0x14  Code  Gb  stm32f10x_adc.o [1]
ADC_Init                0x08002e25   0x4a  Code  Gb  stm32f10x_adc.o [1]
ADC_RegularChannelConfig
                        0x08002ef9   0xc4  Code  Gb  stm32f10x_adc.o [1]
ADC_ResetCalibration    0x08002ea3    0xa  Code  Gb  stm32f10x_adc.o [1]
ADC_SoftwareStartConvCmd
                        0x08002edf   0x1a  Code  Gb  stm32f10x_adc.o [1]
ADC_StartCalibration    0x08002ec1    0xa  Code  Gb  stm32f10x_adc.o [1]
APBAHBPrescTable        0x20000020   0x10  Data  Lc  stm32f10x_rcc.o [1]
BAT_DIS                 0x0800228b    0xa  Code  Gb  port.o [1]
BAT_EN                  0x08002281    0xa  Code  Gb  port.o [1]
BOOT_DIS                0x0800229f    0xa  Code  Gb  port.o [1]
BOOT_EN                 0x08002295    0xa  Code  Gb  port.o [1]
BusFault_Handler        0x080036b3    0x2  Code  Gb  stm32f10x_it.o [1]
CSTACK$$Base            0x20000100          --   Gb  - Linker created -
CSTACK$$Limit           0x20000500          --   Gb  - Linker created -
DCIN_DIS                0x08002277    0xa  Code  Gb  port.o [1]
DCIN_EN                 0x0800226d    0xa  Code  Gb  port.o [1]
DMA_Cmd                 0x08003117   0x1c  Code  Gb  stm32f10x_dma.o [1]
DMA_DeInit              0x08002fd1  0x10a  Code  Gb  stm32f10x_dma.o [1]
DMA_Init                0x080030db   0x3c  Code  Gb  stm32f10x_dma.o [1]
DebugMon_Handler        0x080036b9    0x2  Code  Gb  stm32f10x_it.o [1]
Delay_10us              0x0800231d   0x20  Code  Gb  bsp_SysTick.o [1]
GPIO_Init               0x08002a6d   0xc0  Code  Gb  stm32f10x_gpio.o [1]
GPIO_SetBits            0x08002b2d    0x6  Code  Gb  stm32f10x_gpio.o [1]
HardFault_Handler       0x080036af    0x2  Code  Gb  stm32f10x_it.o [1]
IWDG_Feed               0x08001dcd    0xa  Code  Gb  main.o [1]
IWDG_Init               0x08001da7   0x26  Code  Gb  main.o [1]
LED_Gpioinit            0x08002785   0x2e  Code  Gb  LED.o [1]
LoadInt                 0x080006db   0x6e  Code  Lc  xprintffull_nomb.o [3]
MemManage_Handler       0x080036b1    0x2  Code  Gb  stm32f10x_it.o [1]
NMI_Handler             0x080036ad    0x2  Code  Gb  stm32f10x_it.o [1]
NVIC_Init               0x08002cb7   0x5e  Code  Gb  misc.o [1]
NVIC_PriorityGroupConfig
                        0x08002cad    0xa  Code  Gb  misc.o [1]
NVIC_SetPriority        0x080022a9   0x22  Code  Lc  bsp_SysTick.o [1]
PendSV_Handler          0x080036bb    0x2  Code  Gb  stm32f10x_it.o [1]
Port_Clear              0x080021d5   0x3c  Code  Gb  port.o [1]
Port_Gpioinit           0x0800219d   0x38  Code  Gb  port.o [1]
Port_Set                0x08002211   0x3c  Code  Gb  port.o [1]
RCC_ADCCLKConfig        0x080028fd   0x12  Code  Gb  stm32f10x_rcc.o [1]
RCC_AHBPeriphClockCmd   0x080029c9   0x20  Code  Gb  stm32f10x_rcc.o [1]
RCC_APB1PeriphClockCmd  0x08002a09   0x20  Code  Gb  stm32f10x_rcc.o [1]
RCC_APB2PeriphClockCmd  0x080029e9   0x20  Code  Gb  stm32f10x_rcc.o [1]
RCC_APB2PeriphResetCmd  0x08002a29   0x20  Code  Gb  stm32f10x_rcc.o [1]
RCC_GetClocksFreq       0x0800290f   0xba  Code  Gb  stm32f10x_rcc.o [1]
Region$$Table$$Base     0x080038e4          --   Gb  - Linker created -
Region$$Table$$Limit    0x08003904          --   Gb  - Linker created -
SVC_Handler             0x080036b7    0x2  Code  Gb  stm32f10x_it.o [1]
SetSysClock             0x08003711    0x8  Code  Lc  system_stm32f10x.o [1]
SetSysClockTo72         0x08003719   0xe0  Code  Lc  system_stm32f10x.o [1]
SysTick_Config          0x080022cb   0x2e  Code  Lc  bsp_SysTick.o [1]
SysTick_Handler         0x080036a5    0x8  Code  Gb  stm32f10x_it.o [1]
SysTick_Init            0x080022f9   0x24  Code  Gb  bsp_SysTick.o [1]
SystemCoreClock         0x20000034    0x4  Data  Gb  system_stm32f10x.o [1]
SystemInit              0x080036bd   0x54  Code  Gb  system_stm32f10x.o [1]
T                       0x20000e14    0x4  Data  Gb  global.o [1]
TIM2_Configuration      0x0800284d   0x5a  Code  Gb  bsp_TiMbase.o [1]
TIM2_IRQHandler         0x08003629   0x32  Code  Gb  stm32f10x_it.o [1]
TIM2_NVIC_Configuration
                        0x080027f9   0x2a  Code  Gb  bsp_TiMbase.o [1]
TIM3_Configuration      0x080028a7   0x4c  Code  Gb  bsp_TiMbase.o [1]
TIM3_IRQHandler         0x0800365b   0x2c  Code  Gb  stm32f10x_it.o [1]
TIM3_NVIC_Configuration
                        0x08002823   0x2a  Code  Gb  bsp_TiMbase.o [1]
TIM_ClearFlag           0x080034cb    0x8  Code  Gb  stm32f10x_tim.o [1]
TIM_ClearITPendingBit   0x080034fb    0x8  Code  Gb  stm32f10x_tim.o [1]
TIM_Cmd                 0x08003493   0x1c  Code  Gb  stm32f10x_tim.o [1]
TIM_GetITStatus         0x080034d3   0x28  Code  Gb  stm32f10x_tim.o [1]
TIM_ITConfig            0x080034af   0x18  Code  Gb  stm32f10x_tim.o [1]
TIM_SetCounter          0x080034c7    0x4  Code  Gb  stm32f10x_tim.o [1]
TIM_TimeBaseInit        0x08003401   0x92  Code  Gb  stm32f10x_tim.o [1]
T_err                   0x20000e18    0x4  Data  Gb  global.o [1]
TimingDelay             0x20000e10    0x4  Data  Lc  bsp_SysTick.o [1]
TimingDelay_Decrement   0x0800233d   0x14  Code  Gb  bsp_SysTick.o [1]
UART4_Config            0x0800202d   0xaa  Code  Gb  bsp_usart1.o [1]
UART4_IRQHandler        0x080035ab   0x7e  Code  Gb  stm32f10x_it.o [1]
USART1_Config           0x08001fb5   0x78  Code  Gb  bsp_usart1.o [1]
USART2_IRQHandler       0x0800352d   0x7e  Code  Gb  stm32f10x_it.o [1]
USART2_RX_BUF           0x20000500  0x400  Data  Gb  global.o [1]
USART2_RX_STA           0x20000e1c    0x2  Data  Gb  global.o [1]
USART_ClearITPendingBit
                        0x08002c8d   0x1e  Code  Gb  stm32f10x_usart.o [1]
USART_Cmd               0x08002bf5   0x1c  Code  Gb  stm32f10x_usart.o [1]
USART_GetFlagStatus     0x08002c73   0x1a  Code  Gb  stm32f10x_usart.o [1]
USART_ITConfig          0x08002c11   0x52  Code  Gb  stm32f10x_usart.o [1]
USART_Init              0x08002b35   0xba  Code  Gb  stm32f10x_usart.o [1]
USART_ReceiveData       0x08002c6b    0x8  Code  Gb  stm32f10x_usart.o [1]
USART_SendData          0x08002c63    0x8  Code  Gb  stm32f10x_usart.o [1]
UsageFault_Handler      0x080036b5    0x2  Code  Gb  stm32f10x_it.o [1]
UsartInit               0x0800212d    0xc  Code  Gb  bsp_usart1.o [1]
VBUS_DIS                0x08002263    0xa  Code  Gb  port.o [1]
VBUS_EN                 0x08002259    0xa  Code  Gb  port.o [1]
_GenldFullNoMb          0x08000c55  0x254  Code  Lc  xprintffull_nomb.o [3]
_LdtobFullNoMb          0x08000855  0x3fa  Code  Lc  xprintffull_nomb.o [3]
_LitobFullNoMb          0x08000749  0x10a  Code  Lc  xprintffull_nomb.o [3]
_Locale_aeabi_lconv     0x200000c8   0x38  Data  Gb  localeconv.o [3]
_Locale_lconv           0x20000078   0x50  Data  Gb  localeconv.o [3]
_PrintfFullNoMb         0x08000135  0x5a0  Code  Gb  xprintffull_nomb.o [3]
_Prout                  0x080039a1   0x16  Code  Gb  xprout.o [3]
_PutcharsFullNoMb       0x08000ea9   0x2e  Code  Lc  xprintffull_nomb.o [3]
_SNProut                0x08000ef3   0x1a  Code  Gb  xsnprout.o [3]
_SProut                 0x08000f23    0xa  Code  Gb  xsprout.o [3]
__aeabi_cdcmple         0x08001169         Code  Gb  DblCmpLe.o [4]
__aeabi_cdrcmple        0x08001199         Code  Gb  DblCmpGe.o [4]
__aeabi_cfcmple         0x080026e9         Code  Gb  FltCmpLe.o [4]
__aeabi_d2f             0x0800318d         Code  Gb  DblToFlt.o [4]
__aeabi_d2iz            0x080012d5         Code  Gb  DblToI32.o [4]
__aeabi_d2uiz           0x08001301         Code  Gb  DblToI32.o [4]
__aeabi_ddiv            0x08001681         Code  Gb  DblDiv.o [4]
__aeabi_dmul            0x080014dd         Code  Gb  DblMul.o [4]
__aeabi_dsub            0x0800135d         Code  Gb  DblSub.o [4]
__aeabi_f2d             0x08002699         Code  Gb  FltToDbl.o [4]
__aeabi_fadd            0x08002615         Code  Gb  FltAdd.o [4]
__aeabi_fdiv            0x0800321d         Code  Gb  FltDiv.o [4]
__aeabi_fsub            0x08003319         Code  Gb  FltSub.o [4]
__aeabi_i2d             0x0800132d         Code  Gb  I32ToDbl.o [4]
__aeabi_ldiv0           0x08001955         Code  Gb  I64DivZer.o [5]
__aeabi_memclr4         0x08002195         Code  Gb  ABImemclr4.o [5]
__aeabi_memset          0x08001ec5         Code  Gb  ABImemset.o [5]
__aeabi_ui2d            0x08001341         Code  Gb  I32ToDbl.o [4]
__aeabi_ui2f            0x0800316d         Code  Gb  I32ToFlt.o [4]
__aeabi_uldivmod        0x08000fbd         Code  Gb  I64DivMod.o [5]
__cmain                 0x08003945         Code  Gb  cmain.o [5]
__exit                  0x08003975   0x14  Code  Gb  exit.o [6]
__iar_Dnorm             0x08001123   0x44  Code  Gb  xdnorm.o [4]
__iar_Dscale            0x080011c9  0x10c  Code  Gb  xdscale.o [4]
__iar_Locale_lconv_init
                        0x080018d9   0x3a  Code  Gb  localeconv.o [3]
__iar_Memchr            0x08000f65         Code  Gb  memchr.o [5]
__iar_Memset            0x08001ec5         Code  Gb  ABImemset.o [5]
__iar_Memset4_word      0x08002d95         Code  Gb  ABImemset48.o [5]
__iar_Memset8_word      0x08002d95         Code  Gb  ABImemset48.o [5]
__iar_Memset_word       0x08001ecd         Code  Gb  ABImemset.o [5]
__iar_Stdout            0x20000038   0x40  Data  Gb  xfiles.o [3]
__iar_Strchr            0x08000f0d         Code  Gb  strchr.o [5]
__iar_Strstr            0x08002d65   0x2e  Code  Gb  strstr.o [3]
__iar_d2uiz             0x0800130d         Code  Gb  DblToI32.o [4]
__iar_dadd              0x08001959         Code  Gb  DblAdd.o [4]
__iar_data_init3        0x080038bd   0x28  Code  Gb  data_init.o [5]
__iar_dlib_perthread_access
                        0x08001a2d    0x2  Code  Gb  xtls.o [3]
__iar_dsub              0x08001371         Code  Gb  DblSub.o [4]
__iar_dsubStart         0x08001383         Code  Gb  DblSub.o [4]
__iar_fadd              0x08002625         Code  Gb  FltAdd.o [4]
__iar_fsub              0x08003329         Code  Gb  FltSub.o [4]
__iar_fsubStart         0x08003339         Code  Gb  FltSub.o [4]
__iar_packbits_init_single3
                        0x08003855   0x38  Code  Gb  packbits_init_single.o [5]
__iar_program_start     0x08003ab9         Code  Gb  cstartup_M.o [5]
__iar_ui2d              0x08001345         Code  Gb  I32ToDbl.o [4]
__iar_ui2f              0x08003171         Code  Gb  I32ToFlt.o [4]
__iar_unaligned___aeabi_memcpy
                        0x080010ad         Code  Gb  ABImemcpy_unaligned.o [5]
__iar_unaligned___aeabi_memcpy4
                        0x080010cd         Code  Gb  ABImemcpy_unaligned.o [5]
__iar_unaligned___aeabi_memcpy8
                        0x080010cd         Code  Gb  ABImemcpy_unaligned.o [5]
__iar_unaligned_strcpy  0x0800270d         Code  Gb  strcpy_unaligned.o [5]
__iar_unaligned_strncpy
                        0x08001f2d         Code  Gb  strncpy_unaligned.o [5]
__iar_zero_init3        0x08003815   0x40  Code  Gb  zero_init3.o [5]
__low_level_init        0x0800395f    0x4  Code  Gb  low_level_init.o [3]
__vector_table          0x08000000         Data  Gb  startup_stm32f10x_hd.o [1]
_call_main              0x08003951         Code  Gb  cmain.o [5]
_exit                   0x08003969         Code  Gb  cexit.o [5]
_main                   0x0800395b         Code  Gb  cmain.o [5]
ack_buf                 0x20000900  0x400  Data  Gb  main.o [1]
ad_value                0x20000d00   0xa0  Data  Gb  adc.o [1]
adc_config              0x080024d9   0x10  Code  Gb  adc.o [1]
adc_dma_init            0x08002489   0x50  Code  Gb  adc.o [1]
adc_gpio_init           0x08002371   0x40  Code  Gb  adc.o [1]
adc_init                0x080023b1   0xd8  Code  Gb  adc.o [1]
adc_start               0x080024e9   0x14  Code  Gb  adc.o [1]
arr_per                 0x08003904   0x20  Data  Gb  adc.o [1]
arr_vol                 0x08003924   0x20  Data  Gb  adc.o [1]
bsp_LedToggle           0x080027b3   0x3c  Code  Gb  LED.o [1]
cmd                     0x20000000   0x20  Data  Gb  main.o [1]
div                     0x08001945    0xe  Code  Gb  div.o [3]
exit                    0x08003963    0x4  Code  Gb  exit.o [3]
f_cmd                   0x20000e1e    0x1  Data  Gb  global.o [1]
f_err_vol               0x20000e1f    0x1  Data  Gb  global.o [1]
fputc                   0x08002139   0x20  Code  Gb  bsp_usart1.o [1]
get_ChannelVale         0x080024fd   0xe2  Code  Gb  adc.o [1]
handle_data             0x08001add  0x2ca  Code  Gb  main.o [1]
localeconv              0x08001913   0x16  Code  Gb  localeconv.o [3]
main                    0x08001dd7   0x8c  Code  Gb  main.o [1]
memchr                  0x08000f65         Code  Gb  memchr.o [5]
obuf                    0x20000da0   0x50  Data  Lc  xfiles.o [3]
printf                  0x08002169   0x24  Code  Gb  printf.o [3]
putchar                 0x080039b9    0xc  Code  Gb  putchar.o [3]
send_ack                0x08001a31   0xa6  Code  Gb  main.o [1]
sprintf                 0x08002751   0x34  Code  Gb  sprintf.o [3]
strcat                  0x08001f99   0x1c  Code  Gb  strcat.o [3]
strchr                  0x08000f0d         Code  Gb  strchr.o [5]
strlen                  0x08000f2d         Code  Gb  strlen.o [5]
strstr                  0x0800218d    0x8  Code  Gb  main.o [1]
uart4Printf             0x080020d7   0x56  Code  Gb  bsp_usart1.o [1]
vol                     0x20000df0   0x20  Data  Gb  main.o [1]
vsnprintf               0x08002d29   0x3c  Code  Gb  vsnprint.o [3]


[1] = C:\Users\T460P\Desktop\Bran_Test\Bran_Test\EWARM\Debug\Obj
[2] = command line
[3] = dl7M_tlf.a
[4] = m7M_tl.a
[5] = rt7M_tl.a
[6] = shb_l.a

  14 844 bytes of readonly  code memory
     518 bytes of readonly  data memory
   3 616 bytes of readwrite data memory

Errors: none
Warnings: none
